[    0.000000] Linux version 5.15.71-rt51-intel-pk-preempt-rt (oe-user@oe-host) (x86_64-aldebaran-linux-gcc (GCC) 12.2.0, GNU ld (GNU Binutils) 2.39.0.20220819) #1 SMP PREEMPT_RT Tue Nov 1 04:12:40 UTC 2022
[    0.000000] Command line: root=PARTUUID=42424242-1120-1120-1120-424242424242 init=/sbin/init console=ttyS0,115200n8 rootwait naoqi.minimum_version=2.8.0.0 naoqi.dfu_version=9 
[    0.000000] x86/fpu: x87 FPU will use FXSAVE
[    0.000000] signal: max sigframe size: 1440
[    0.000000] BIOS-provided physical RAM map:
[    0.000000] BIOS-e820: [mem 0x0000000000000000-0x000000000003efff] usable
[    0.000000] BIOS-e820: [mem 0x000000000003f000-0x000000000003ffff] ACPI NVS
[    0.000000] BIOS-e820: [mem 0x0000000000040000-0x000000000009dfff] usable
[    0.000000] BIOS-e820: [mem 0x000000000009e000-0x000000000009ffff] reserved
[    0.000000] BIOS-e820: [mem 0x0000000000100000-0x0000000079346fff] usable
[    0.000000] BIOS-e820: [mem 0x0000000079347000-0x0000000079376fff] reserved
[    0.000000] BIOS-e820: [mem 0x0000000079377000-0x0000000079386fff] ACPI data
[    0.000000] BIOS-e820: [mem 0x0000000079387000-0x00000000798abfff] ACPI NVS
[    0.000000] BIOS-e820: [mem 0x00000000798ac000-0x0000000079babfff] reserved
[    0.000000] BIOS-e820: [mem 0x0000000079bac000-0x0000000079bacfff] usable
[    0.000000] BIOS-e820: [mem 0x0000000079bad000-0x0000000079beefff] reserved
[    0.000000] BIOS-e820: [mem 0x0000000079bef000-0x0000000079d65fff] usable
[    0.000000] BIOS-e820: [mem 0x0000000079d66000-0x0000000079ff9fff] reserved
[    0.000000] BIOS-e820: [mem 0x0000000079ffa000-0x0000000079ffffff] usable
[    0.000000] BIOS-e820: [mem 0x00000000e0000000-0x00000000efffffff] reserved
[    0.000000] BIOS-e820: [mem 0x00000000fec00000-0x00000000fec00fff] reserved
[    0.000000] BIOS-e820: [mem 0x00000000fed01000-0x00000000fed01fff] reserved
[    0.000000] BIOS-e820: [mem 0x00000000fed03000-0x00000000fed03fff] reserved
[    0.000000] BIOS-e820: [mem 0x00000000fed08000-0x00000000fed08fff] reserved
[    0.000000] BIOS-e820: [mem 0x00000000fed0c000-0x00000000fed0ffff] reserved
[    0.000000] BIOS-e820: [mem 0x00000000fed1c000-0x00000000fed1cfff] reserved
[    0.000000] BIOS-e820: [mem 0x00000000fee00000-0x00000000fee00fff] reserved
[    0.000000] BIOS-e820: [mem 0x00000000fef00000-0x00000000feffffff] reserved
[    0.000000] BIOS-e820: [mem 0x00000000ffb00000-0x00000000ffffffff] reserved
[    0.000000] BIOS-e820: [mem 0x0000000100000000-0x000000017fffffff] usable
[    0.000000] NX (Execute Disable) protection: active
[    0.000000] e820: update [mem 0x763dc018-0x763ec057] usable ==> usable
[    0.000000] e820: update [mem 0x763dc018-0x763ec057] usable ==> usable
[    0.000000] e820: update [mem 0x763cb018-0x763db657] usable ==> usable
[    0.000000] e820: update [mem 0x763cb018-0x763db657] usable ==> usable
[    0.000000] extended physical RAM map:
[    0.000000] reserve setup_data: [mem 0x0000000000000000-0x000000000003efff] usable
[    0.000000] reserve setup_data: [mem 0x000000000003f000-0x000000000003ffff] ACPI NVS
[    0.000000] reserve setup_data: [mem 0x0000000000040000-0x000000000009dfff] usable
[    0.000000] reserve setup_data: [mem 0x000000000009e000-0x000000000009ffff] reserved
[    0.000000] reserve setup_data: [mem 0x0000000000100000-0x00000000763cb017] usable
[    0.000000] reserve setup_data: [mem 0x00000000763cb018-0x00000000763db657] usable
[    0.000000] reserve setup_data: [mem 0x00000000763db658-0x00000000763dc017] usable
[    0.000000] reserve setup_data: [mem 0x00000000763dc018-0x00000000763ec057] usable
[    0.000000] reserve setup_data: [mem 0x00000000763ec058-0x0000000079346fff] usable
[    0.000000] reserve setup_data: [mem 0x0000000079347000-0x0000000079376fff] reserved
[    0.000000] reserve setup_data: [mem 0x0000000079377000-0x0000000079386fff] ACPI data
[    0.000000] reserve setup_data: [mem 0x0000000079387000-0x00000000798abfff] ACPI NVS
[    0.000000] reserve setup_data: [mem 0x00000000798ac000-0x0000000079babfff] reserved
[    0.000000] reserve setup_data: [mem 0x0000000079bac000-0x0000000079bacfff] usable
[    0.000000] reserve setup_data: [mem 0x0000000079bad000-0x0000000079beefff] reserved
[    0.000000] reserve setup_data: [mem 0x0000000079bef000-0x0000000079d65fff] usable
[    0.000000] reserve setup_data: [mem 0x0000000079d66000-0x0000000079ff9fff] reserved
[    0.000000] reserve setup_data: [mem 0x0000000079ffa000-0x0000000079ffffff] usable
[    0.000000] reserve setup_data: [mem 0x00000000e0000000-0x00000000efffffff] reserved
[    0.000000] reserve setup_data: [mem 0x00000000fec00000-0x00000000fec00fff] reserved
[    0.000000] reserve setup_data: [mem 0x00000000fed01000-0x00000000fed01fff] reserved
[    0.000000] reserve setup_data: [mem 0x00000000fed03000-0x00000000fed03fff] reserved
[    0.000000] reserve setup_data: [mem 0x00000000fed08000-0x00000000fed08fff] reserved
[    0.000000] reserve setup_data: [mem 0x00000000fed0c000-0x00000000fed0ffff] reserved
[    0.000000] reserve setup_data: [mem 0x00000000fed1c000-0x00000000fed1cfff] reserved
[    0.000000] reserve setup_data: [mem 0x00000000fee00000-0x00000000fee00fff] reserved
[    0.000000] reserve setup_data: [mem 0x00000000fef00000-0x00000000feffffff] reserved
[    0.000000] reserve setup_data: [mem 0x00000000ffb00000-0x00000000ffffffff] reserved
[    0.000000] reserve setup_data: [mem 0x0000000100000000-0x000000017fffffff] usable
[    0.000000] efi: EFI v2.40 by American Megatrends
[    0.000000] efi: ESRT=0x79b57318 ACPI=0x7937c000 ACPI 2.0=0x7937c000 SMBIOS=0x79a7fe18 
[    0.000000] SMBIOS 2.8 present.
[    0.000000] DMI: To be filled by O.E.M. To be filled by O.E.M./conga-QA3, BIOS QA32R126 01/13/2017
[    0.000000] tsc: Detected 1916.667 MHz processor
[    0.000021] e820: update [mem 0x00000000-0x00000fff] usable ==> reserved
[    0.000027] e820: remove [mem 0x000a0000-0x000fffff] usable
[    0.000049] last_pfn = 0x180000 max_arch_pfn = 0x400000000
[    0.000102] x86/PAT: Configuration [0-7]: WB  WC  UC- UC  WB  WP  UC- WT  
[    0.000292] e820: update [mem 0x7a800000-0xffffffff] usable ==> reserved
[    0.000302] last_pfn = 0x7a000 max_arch_pfn = 0x400000000
[    0.008749] Secure boot disabled
[    0.008754] ACPI: Early table checksum verification disabled
[    0.008761] ACPI: RSDP 0x000000007937C000 000024 (v02 ALASKA)
[    0.008770] ACPI: XSDT 0x000000007937C088 00008C (v01 ALASKA A M I    01072009 AMI  00010013)
[    0.008783] ACPI: FACP 0x0000000079385728 00010C (v05 ALASKA A M I    01072009 AMI  00010013)
[    0.008792] ACPI BIOS Warning (bug): 32/64X length mismatch in FADT/Gpe0Block: 128/32 (20210730/tbfadt-564)
[    0.008801] ACPI: DSDT 0x000000007937C1A0 009583 (v02 ALASKA A M I    01072009 INTL 20120913)
[    0.008810] ACPI: FACS 0x00000000798ABF80 000040
[    0.008817] ACPI: APIC 0x0000000079385838 000084 (v03 ALASKA A M I    01072009 AMI  00010013)
[    0.008825] ACPI: FPDT 0x00000000793858C0 000044 (v01 ALASKA A M I    01072009 AMI  00010013)
[    0.008833] ACPI: FIDT 0x0000000079385908 00009C (v01 ALASKA A M I    01072009 AMI  00010013)
[    0.008841] ACPI: TCPA 0x00000000793859A8 000032 (v02 ALASKA NAPAASF  00000001 MSFT 01000013)
[    0.008849] ACPI: LPIT 0x00000000793859E0 000104 (v01 ALASKA A M I    00000003 VLV2 0100000D)
[    0.008857] ACPI: MCFG 0x0000000079385AE8 00003C (v01 ALASKA A M I    01072009 MSFT 00000097)
[    0.008865] ACPI: HPET 0x0000000079385B28 000038 (v01 ALASKA A M I    01072009 AMI. 00000005)
[    0.008873] ACPI: SSDT 0x0000000079385B60 000763 (v01 PmRef  CpuPm    00003000 INTL 20061109)
[    0.008881] ACPI: SSDT 0x00000000793862C8 000290 (v01 PmRef  Cpu0Tst  00003000 INTL 20061109)
[    0.008890] ACPI: SSDT 0x0000000079386558 00017A (v01 PmRef  ApTst    00003000 INTL 20061109)
[    0.008898] ACPI: UEFI 0x00000000793866D8 000042 (v01 ALASKA A M I    00000000      00000000)
[    0.008906] ACPI: BGRT 0x0000000079386720 000038 (v01 ALASKA A M I    01072009 AMI  00010013)
[    0.008913] ACPI: Reserving FACP table memory at [mem 0x79385728-0x79385833]
[    0.008916] ACPI: Reserving DSDT table memory at [mem 0x7937c1a0-0x79385722]
[    0.008919] ACPI: Reserving FACS table memory at [mem 0x798abf80-0x798abfbf]
[    0.008922] ACPI: Reserving APIC table memory at [mem 0x79385838-0x793858bb]
[    0.008924] ACPI: Reserving FPDT table memory at [mem 0x793858c0-0x79385903]
[    0.008927] ACPI: Reserving FIDT table memory at [mem 0x79385908-0x793859a3]
[    0.008929] ACPI: Reserving TCPA table memory at [mem 0x793859a8-0x793859d9]
[    0.008932] ACPI: Reserving LPIT table memory at [mem 0x793859e0-0x79385ae3]
[    0.008935] ACPI: Reserving MCFG table memory at [mem 0x79385ae8-0x79385b23]
[    0.008937] ACPI: Reserving HPET table memory at [mem 0x79385b28-0x79385b5f]
[    0.008940] ACPI: Reserving SSDT table memory at [mem 0x79385b60-0x793862c2]
[    0.008943] ACPI: Reserving SSDT table memory at [mem 0x793862c8-0x79386557]
[    0.008945] ACPI: Reserving SSDT table memory at [mem 0x79386558-0x793866d1]
[    0.008948] ACPI: Reserving UEFI table memory at [mem 0x793866d8-0x79386719]
[    0.008951] ACPI: Reserving BGRT table memory at [mem 0x79386720-0x79386757]
[    0.009016] Zone ranges:
[    0.009017]   DMA      [mem 0x0000000000001000-0x0000000000ffffff]
[    0.009022]   DMA32    [mem 0x0000000001000000-0x00000000ffffffff]
[    0.009026]   Normal   [mem 0x0000000100000000-0x000000017fffffff]
[    0.009029] Movable zone start for each node
[    0.009030] Early memory node ranges
[    0.009031]   node   0: [mem 0x0000000000001000-0x000000000003efff]
[    0.009034]   node   0: [mem 0x0000000000040000-0x000000000009dfff]
[    0.009037]   node   0: [mem 0x0000000000100000-0x0000000079346fff]
[    0.009040]   node   0: [mem 0x0000000079bac000-0x0000000079bacfff]
[    0.009043]   node   0: [mem 0x0000000079bef000-0x0000000079d65fff]
[    0.009045]   node   0: [mem 0x0000000079ffa000-0x0000000079ffffff]
[    0.009048]   node   0: [mem 0x0000000100000000-0x000000017fffffff]
[    0.009051] Initmem setup node 0 [mem 0x0000000000001000-0x000000017fffffff]
[    0.009060] On node 0, zone DMA: 1 pages in unavailable ranges
[    0.009064] On node 0, zone DMA: 1 pages in unavailable ranges
[    0.009131] On node 0, zone DMA: 98 pages in unavailable ranges
[    0.018352] On node 0, zone DMA32: 2149 pages in unavailable ranges
[    0.018366] On node 0, zone DMA32: 66 pages in unavailable ranges
[    0.018388] On node 0, zone DMA32: 660 pages in unavailable ranges
[    0.028914] On node 0, zone Normal: 24576 pages in unavailable ranges
[    0.028921] x86/hpet: Will disable the HPET for this platform because it's not reliable
[    0.028928] Reserving Intel graphics memory at [mem 0x7b000000-0x7effffff]
[    0.029096] ACPI: PM-Timer IO Port: 0x408
[    0.029112] ACPI: LAPIC_NMI (acpi_id[0x01] high edge lint[0x1])
[    0.029115] ACPI: LAPIC_NMI (acpi_id[0x02] high edge lint[0x1])
[    0.029118] ACPI: LAPIC_NMI (acpi_id[0x03] high edge lint[0x1])
[    0.029120] ACPI: LAPIC_NMI (acpi_id[0x04] high edge lint[0x1])
[    0.029133] IOAPIC[0]: apic_id 1, version 32, address 0xfec00000, GSI 0-86
[    0.029140] ACPI: INT_SRC_OVR (bus 0 bus_irq 0 global_irq 2 dfl dfl)
[    0.029145] ACPI: INT_SRC_OVR (bus 0 bus_irq 9 global_irq 9 high level)
[    0.029153] ACPI: Using ACPI (MADT) for SMP configuration information
[    0.029155] ACPI: HPET id: 0x8086a201 base: 0xfed00000
[    0.029167] TSC deadline timer available
[    0.029169] smpboot: Allowing 4 CPUs, 0 hotplug CPUs
[    0.029237] [mem 0x7f000000-0xdfffffff] available for PCI devices
[    0.029244] clocksource: refined-jiffies: mask: 0xffffffff max_cycles: 0xffffffff, max_idle_ns: 1910969940391419 ns
[    0.029258] setup_percpu: NR_CPUS:64 nr_cpumask_bits:64 nr_cpu_ids:4 nr_node_ids:1
[    0.030062] percpu: Embedded 53 pages/cpu s176304 r8192 d32592 u524288
[    0.030080] pcpu-alloc: s176304 r8192 d32592 u524288 alloc=1*2097152
[    0.030087] pcpu-alloc: [0] 0 1 2 3 
[    0.030137] Built 1 zonelists, mobility grouping on.  Total pages: 1004913
[    0.030144] Kernel command line: root=PARTUUID=42424242-1120-1120-1120-424242424242 init=/sbin/init console=ttyS0,115200n8 rootwait naoqi.minimum_version=2.8.0.0 naoqi.dfu_version=9 
[    0.031357] Dentry cache hash table entries: 524288 (order: 10, 4194304 bytes, linear)
[    0.031943] Inode-cache hash table entries: 262144 (order: 9, 2097152 bytes, linear)
[    0.032015] mem auto-init: stack:all(zero), heap alloc:off, heap free:off
[    0.096945] Memory: 3913400K/4084100K available (16395K kernel code, 2142K rwdata, 4796K rodata, 1884K init, 1960K bss, 170440K reserved, 0K cma-reserved)
[    0.097125] SLUB: HWalign=64, Order=0-3, MinObjects=0, CPUs=4, Nodes=1
[    0.097155] Kernel/User page tables isolation: enabled
[    0.097198] ftrace: allocating 44868 entries in 176 pages
[    0.132592] ftrace: allocated 176 pages with 3 groups
[    0.132791] rcu: Preemptible hierarchical RCU implementation.
[    0.132794] rcu: 	RCU event tracing is enabled.
[    0.132796] rcu: 	RCU restricting CPUs from NR_CPUS=64 to nr_cpu_ids=4.
[    0.132798] rcu: 	RCU priority boosting: priority 1 delay 500 ms.
[    0.132801] rcu: 	RCU_SOFTIRQ processing moved to rcuc kthreads.
[    0.132802] 	No expedited grace period (rcu_normal_after_boot).
[    0.132803] 	Trampoline variant of Tasks RCU enabled.
[    0.132804] 	Rude variant of Tasks RCU enabled.
[    0.132805] rcu: RCU calculated value of scheduler-enlistment delay is 100 jiffies.
[    0.132807] rcu: Adjusting geometry for rcu_fanout_leaf=16, nr_cpu_ids=4
[    0.147152] NR_IRQS: 4352, nr_irqs: 1024, preallocated irqs: 16
[    0.147575] random: crng init done
[    0.147642] Console: colour dummy device 80x25
[    0.147665] printk: console [ttyS0] enabled
[    0.147683] ACPI: Core revision 20210730
[    0.147869] APIC: Switch to symmetric I/O mode setup
[    0.148423] clocksource: tsc-early: mask: 0xffffffffffffffff max_cycles: 0x3741594d34d, max_idle_ns: 881590420564 ns
[    0.148432] Calibrating delay loop (skipped), value calculated using timer frequency.. 3833.33 BogoMIPS (lpj=1916667)
[    0.148438] pid_max: default: 32768 minimum: 301
[    0.148488] LSM: Security Framework initializing
[    0.148573] Mount-cache hash table entries: 8192 (order: 4, 65536 bytes, linear)
[    0.148597] Mountpoint-cache hash table entries: 8192 (order: 4, 65536 bytes, linear)
[    0.149147] CPU0: Thermal monitoring enabled (TM1)
[    0.149180] process: using mwait in idle threads
[    0.149185] Last level iTLB entries: 4KB 48, 2MB 0, 4MB 0
[    0.149188] Last level dTLB entries: 4KB 128, 2MB 16, 4MB 16, 1GB 0
[    0.149192] Spectre V1 : Mitigation: usercopy/swapgs barriers and __user pointer sanitization
[    0.149197] Spectre V2 : Mitigation: Retpolines
[    0.149199] Spectre V2 : Spectre v2 / SpectreRSB mitigation: Filling RSB on context switch
[    0.149201] Spectre V2 : Spectre v2 / SpectreRSB : Filling RSB on VMEXIT
[    0.149203] MDS: Vulnerable: Clear CPU buffers attempted, no microcode
[    0.149205] MMIO Stale Data: Unknown: No mitigations
[    0.149431] Freeing SMP alternatives memory: 44K
[    0.149431] smpboot: Estimated ratio of average max frequency by base frequency (times 1024): 1024
[    0.149431] smpboot: CPU0: Intel(R) Atom(TM) CPU  E3845  @ 1.91GHz (family: 0x6, model: 0x37, stepping: 0x9)
[    0.149431] Performance Events: PEBS fmt2+, 8-deep LBR, Silvermont events, 8-deep LBR, full-width counters, Intel PMU driver.
[    0.149431] ... version:                3
[    0.149431] ... bit width:              40
[    0.149431] ... generic registers:      2
[    0.149431] ... value mask:             000000ffffffffff
[    0.149431] ... max period:             0000007fffffffff
[    0.149431] ... fixed-purpose events:   3
[    0.149431] ... event mask:             0000000700000003
[    0.149431] rcu: Hierarchical SRCU implementation.
[    0.150363] smp: Bringing up secondary CPUs ...
[    0.150878] x86: Booting SMP configuration:
[    0.150881] .... node  #0, CPUs:      #1 #2 #3
[    0.152504] smp: Brought up 1 node, 4 CPUs
[    0.152504] smpboot: Max logical packages: 1
[    0.152504] smpboot: Total of 4 processors activated (15333.33 BogoMIPS)
[    0.153522] devtmpfs: initialized
[    0.154023] ACPI: PM: Registering ACPI NVS region [mem 0x0003f000-0x0003ffff] (4096 bytes)
[    0.154023] ACPI: PM: Registering ACPI NVS region [mem 0x79387000-0x798abfff] (5394432 bytes)
[    0.154934] clocksource: jiffies: mask: 0xffffffff max_cycles: 0xffffffff, max_idle_ns: 1911260446275000 ns
[    0.154945] futex hash table entries: 1024 (order: 4, 65536 bytes, linear)
[    0.155081] pinctrl core: initialized pinctrl subsystem
[    0.155428] NET: Registered PF_NETLINK/PF_ROUTE protocol family
[    0.156108] thermal_sys: Registered thermal governor 'step_wise'
[    0.156111] thermal_sys: Registered thermal governor 'user_space'
[    0.156156] cpuidle: using governor menu
[    0.156156] ACPI FADT declares the system doesn't support PCIe ASPM, so disable it
[    0.156156] ACPI: bus type PCI registered
[    0.156156] dca service started, version 1.12.1
[    0.156156] PCI: MMCONFIG for domain 0000 [bus 00-ff] at [mem 0xe0000000-0xefffffff] (base 0xe0000000)
[    0.156156] PCI: MMCONFIG at [mem 0xe0000000-0xefffffff] reserved in E820
[    0.156156] PCI: Using configuration type 1 for base access
[    0.156484] ENERGY_PERF_BIAS: Set to 'normal', was 'performance'
[    0.165489] Kprobes globally optimized
[    0.165523] HugeTLB registered 2.00 MiB page size, pre-allocated 0 pages
[    0.166505] cryptd: max_cpu_qlen set to 1000
[    0.185435] raid6: sse2x4   gen()  4625 MB/s
[    0.202495] raid6: sse2x4   xor()  1217 MB/s
[    0.219448] raid6: sse2x2   gen()  3738 MB/s
[    0.236434] raid6: sse2x2   xor()  2541 MB/s
[    0.253445] raid6: sse2x1   gen()  3398 MB/s
[    0.270434] raid6: sse2x1   xor()  1847 MB/s
[    0.270439] raid6: using algorithm sse2x4 gen() 4625 MB/s
[    0.270442] raid6: .... xor() 1217 MB/s, rmw enabled
[    0.270444] raid6: using ssse3x2 recovery algorithm
[    0.270728] ACPI: Added _OSI(Module Device)
[    0.270731] ACPI: Added _OSI(Processor Device)
[    0.270733] ACPI: Added _OSI(3.0 _SCP Extensions)
[    0.270736] ACPI: Added _OSI(Processor Aggregator Device)
[    0.270740] ACPI: Added _OSI(Linux-Dell-Video)
[    0.270743] ACPI: Added _OSI(Linux-Lenovo-NV-HDMI-Audio)
[    0.270746] ACPI: Added _OSI(Linux-HPI-Hybrid-Graphics)
[    0.292572] ACPI: 4 ACPI AML tables successfully acquired and loaded
[    0.324403] ACPI: Dynamic OEM Table Load:
[    0.324420] ACPI: SSDT 0xFFFF8949002C8C00 00037A (v01 PmRef  Cpu0Ist  00003000 INTL 20061109)
[    0.326342] ACPI: Dynamic OEM Table Load:
[    0.326355] ACPI: SSDT 0xFFFF894900804000 000433 (v01 PmRef  Cpu0Cst  00003001 INTL 20061109)
[    0.329042] ACPI: Dynamic OEM Table Load:
[    0.329054] ACPI: SSDT 0xFFFF894900223800 00015F (v01 PmRef  ApIst    00003000 INTL 20061109)
[    0.330583] ACPI: Dynamic OEM Table Load:
[    0.330594] ACPI: SSDT 0xFFFF8949009096C0 00008D (v01 PmRef  ApCst    00003000 INTL 20061109)
[    0.336259] ACPI: Interpreter enabled
[    0.336308] ACPI: PM: (supports S0 S3 S5)
[    0.336312] ACPI: Using IOAPIC for interrupt routing
[    0.336414] PCI: Using host bridge windows from ACPI; if necessary, use "pci=nocrs" and report a bug
[    0.337763] ACPI: Enabled 9 GPEs in block 00 to 3F
[    0.566035] ACPI: PM: Power Resource [USBC]
[    0.571132] ACPI: PM: Power Resource [PLPE]
[    0.571902] ACPI: PM: Power Resource [PLPE]
[    0.574397] ACPI: PM: Power Resource [FN01]
[    0.574746] ACPI: PM: Power Resource [FN00]
[    0.576581] ACPI: PCI Root Bridge [PCI0] (domain 0000 [bus 00-ff])
[    0.576598] acpi PNP0A08:00: _OSC: OS supports [ExtendedConfig ASPM ClockPM Segments MSI HPX-Type3]
[    0.577641] acpi PNP0A08:00: _OSC: platform does not support [PME]
[    0.578472] acpi PNP0A08:00: _OSC: OS now controls [PCIeCapability LTR]
[    0.578477] acpi PNP0A08:00: FADT indicates ASPM is unsupported, using BIOS configuration
[    0.579156] PCI host bridge to bus 0000:00
[    0.579161] pci_bus 0000:00: root bus resource [io  0x0070-0x0077]
[    0.579167] pci_bus 0000:00: root bus resource [io  0x0000-0x006f window]
[    0.579172] pci_bus 0000:00: root bus resource [io  0x0078-0x0cf7 window]
[    0.579176] pci_bus 0000:00: root bus resource [io  0x0d00-0xffff window]
[    0.579181] pci_bus 0000:00: root bus resource [mem 0x000a0000-0x000bffff window]
[    0.579185] pci_bus 0000:00: root bus resource [mem 0x000c0000-0x000dffff window]
[    0.579189] pci_bus 0000:00: root bus resource [mem 0x000e0000-0x000fffff window]
[    0.579194] pci_bus 0000:00: root bus resource [mem 0x80000000-0xffffffff window]
[    0.579200] pci_bus 0000:00: root bus resource [bus 00-ff]
[    0.579735] pci 0000:00:00.0: [8086:0f00] type 00 class 0x060000
[    0.580534] pci 0000:00:02.0: [8086:0f31] type 00 class 0x030000
[    0.580549] pci 0000:00:02.0: reg 0x10: [mem 0x90000000-0x903fffff]
[    0.580562] pci 0000:00:02.0: reg 0x18: [mem 0x80000000-0x8fffffff pref]
[    0.580575] pci 0000:00:02.0: reg 0x20: [io  0xe080-0xe087]
[    0.580601] pci 0000:00:02.0: BAR 2: assigned to efifb
[    0.580607] pci 0000:00:02.0: Video device with shadowed ROM at [mem 0x000c0000-0x000dffff]
[    0.581405] pci 0000:00:12.0: [8086:0f16] type 00 class 0x080501
[    0.581425] pci 0000:00:12.0: reg 0x10: [mem 0x90819000-0x90819fff]
[    0.581438] pci 0000:00:12.0: reg 0x14: [mem 0x90818000-0x90818fff]
[    0.581518] pci 0000:00:12.0: PME# supported from D0 D3hot
[    0.582275] pci 0000:00:13.0: [8086:0f23] type 00 class 0x010601
[    0.582294] pci 0000:00:13.0: reg 0x10: [io  0xe070-0xe077]
[    0.582306] pci 0000:00:13.0: reg 0x14: [io  0xe060-0xe063]
[    0.582317] pci 0000:00:13.0: reg 0x18: [io  0xe050-0xe057]
[    0.582327] pci 0000:00:13.0: reg 0x1c: [io  0xe040-0xe043]
[    0.582338] pci 0000:00:13.0: reg 0x20: [io  0xe020-0xe03f]
[    0.582349] pci 0000:00:13.0: reg 0x24: [mem 0x90817000-0x908177ff]
[    0.582405] pci 0000:00:13.0: PME# supported from D3hot
[    0.583172] pci 0000:00:14.0: [8086:0f35] type 00 class 0x0c0330
[    0.583193] pci 0000:00:14.0: reg 0x10: [mem 0x90800000-0x9080ffff 64bit]
[    0.583263] pci 0000:00:14.0: PME# supported from D3hot D3cold
[    0.584194] pci 0000:00:17.0: [8086:0f50] type 00 class 0x080501
[    0.584215] pci 0000:00:17.0: reg 0x10: [mem 0x90816000-0x90816fff]
[    0.584227] pci 0000:00:17.0: reg 0x14: [mem 0x90815000-0x90815fff]
[    0.584307] pci 0000:00:17.0: PME# supported from D0 D3hot
[    0.585208] pci 0000:00:1a.0: [8086:0f18] type 00 class 0x108000
[    0.585235] pci 0000:00:1a.0: reg 0x10: [mem 0x90500000-0x905fffff]
[    0.585251] pci 0000:00:1a.0: reg 0x14: [mem 0x90400000-0x904fffff]
[    0.585364] pci 0000:00:1a.0: PME# supported from D0 D3hot
[    0.586132] pci 0000:00:1b.0: [8086:0f04] type 00 class 0x040300
[    0.586156] pci 0000:00:1b.0: reg 0x10: [mem 0x90810000-0x90813fff 64bit]
[    0.586238] pci 0000:00:1b.0: PME# supported from D0 D3hot D3cold
[    0.587002] pci 0000:00:1c.0: [8086:0f48] type 01 class 0x060400
[    0.587084] pci 0000:00:1c.0: PME# supported from D0 D3hot D3cold
[    0.587862] pci 0000:00:1c.1: [8086:0f4a] type 01 class 0x060400
[    0.587944] pci 0000:00:1c.1: PME# supported from D0 D3hot D3cold
[    0.588723] pci 0000:00:1c.2: [8086:0f4c] type 01 class 0x060400
[    0.588805] pci 0000:00:1c.2: PME# supported from D0 D3hot D3cold
[    0.589577] pci 0000:00:1c.3: [8086:0f4e] type 01 class 0x060400
[    0.589659] pci 0000:00:1c.3: PME# supported from D0 D3hot D3cold
[    0.590454] pci 0000:00:1f.0: [8086:0f1c] type 00 class 0x060100
[    0.591291] pci 0000:00:1f.3: [8086:0f12] type 00 class 0x0c0500
[    0.591329] pci 0000:00:1f.3: reg 0x10: [mem 0x90814000-0x9081401f]
[    0.591403] pci 0000:00:1f.3: reg 0x20: [io  0xe000-0xe01f]
[    0.591875] pci 0000:01:00.0: [168c:0034] type 00 class 0x028000
[    0.591902] pci 0000:01:00.0: reg 0x10: [mem 0x90700000-0x9077ffff 64bit]
[    0.591941] pci 0000:01:00.0: reg 0x30: [mem 0x90780000-0x9078ffff pref]
[    0.592035] pci 0000:01:00.0: supports D1
[    0.592038] pci 0000:01:00.0: PME# supported from D0 D1 D3hot
[    0.592345] pci 0000:00:1c.0: PCI bridge to [bus 01]
[    0.592354] pci 0000:00:1c.0:   bridge window [mem 0x90700000-0x907fffff]
[    0.592443] pci 0000:00:1c.1: PCI bridge to [bus 02]
[    0.592529] pci 0000:00:1c.2: PCI bridge to [bus 03]
[    0.592709] pci 0000:04:00.0: [8086:1533] type 00 class 0x020000
[    0.592739] pci 0000:04:00.0: reg 0x10: [mem 0x90600000-0x9067ffff]
[    0.592769] pci 0000:04:00.0: reg 0x18: [io  0xd000-0xd01f]
[    0.592786] pci 0000:04:00.0: reg 0x1c: [mem 0x90680000-0x90683fff]
[    0.592940] pci 0000:04:00.0: PME# supported from D0 D3hot D3cold
[    0.593263] pci 0000:00:1c.3: PCI bridge to [bus 04]
[    0.593270] pci 0000:00:1c.3:   bridge window [io  0xd000-0xdfff]
[    0.593276] pci 0000:00:1c.3:   bridge window [mem 0x90600000-0x906fffff]
[    0.593302] pci_bus 0000:00: on NUMA node 0
[    0.798142] ACPI: PCI: Interrupt link LNKA configured for IRQ 0
[    0.798148] ACPI: PCI: Interrupt link LNKA disabled
[    0.798398] ACPI: PCI: Interrupt link LNKB configured for IRQ 0
[    0.798402] ACPI: PCI: Interrupt link LNKB disabled
[    0.798671] ACPI: PCI: Interrupt link LNKC configured for IRQ 0
[    0.798675] ACPI: PCI: Interrupt link LNKC disabled
[    0.798922] ACPI: PCI: Interrupt link LNKD configured for IRQ 0
[    0.798926] ACPI: PCI: Interrupt link LNKD disabled
[    0.799173] ACPI: PCI: Interrupt link LNKE configured for IRQ 0
[    0.799177] ACPI: PCI: Interrupt link LNKE disabled
[    0.799423] ACPI: PCI: Interrupt link LNKF configured for IRQ 0
[    0.799427] ACPI: PCI: Interrupt link LNKF disabled
[    0.799677] ACPI: PCI: Interrupt link LNKG configured for IRQ 0
[    0.799681] ACPI: PCI: Interrupt link LNKG disabled
[    0.799929] ACPI: PCI: Interrupt link LNKH configured for IRQ 0
[    0.799933] ACPI: PCI: Interrupt link LNKH disabled
[    0.801504] pci 0000:00:02.0: vgaarb: setting as boot VGA device
[    0.801504] pci 0000:00:02.0: vgaarb: VGA device added: decodes=io+mem,owns=io+mem,locks=none
[    0.801504] pci 0000:00:02.0: vgaarb: bridge control possible
[    0.801504] vgaarb: loaded
[    0.801710] SCSI subsystem initialized
[    0.801728] libata version 3.00 loaded.
[    0.801728] ACPI: bus type USB registered
[    0.801728] usbcore: registered new interface driver usbfs
[    0.801728] usbcore: registered new interface driver hub
[    0.801728] usbcore: registered new device driver usb
[    0.801732] pps_core: LinuxPPS API ver. 1 registered
[    0.801735] pps_core: Software ver. 5.3.6 - Copyright 2005-2007 Rodolfo Giometti <giometti@linux.it>
[    0.801750] PTP clock support registered
[    0.802585] Advanced Linux Sound Architecture Driver Initialized.
[    0.803106] Bluetooth: Core ver 2.22
[    0.803130] NET: Registered PF_BLUETOOTH protocol family
[    0.803133] Bluetooth: HCI device and connection manager initialized
[    0.803139] Bluetooth: HCI socket layer initialized
[    0.803144] Bluetooth: L2CAP socket layer initialized
[    0.803162] Bluetooth: SCO socket layer initialized
[    0.803235] PCI: Using ACPI for IRQ routing
[    0.809521] PCI: pci_cache_line_size set to 64 bytes
[    0.809598] e820: reserve RAM buffer [mem 0x0003f000-0x0003ffff]
[    0.809604] e820: reserve RAM buffer [mem 0x0009e000-0x0009ffff]
[    0.809608] e820: reserve RAM buffer [mem 0x763cb018-0x77ffffff]
[    0.809612] e820: reserve RAM buffer [mem 0x763dc018-0x77ffffff]
[    0.809615] e820: reserve RAM buffer [mem 0x79347000-0x7bffffff]
[    0.809619] e820: reserve RAM buffer [mem 0x79bad000-0x7bffffff]
[    0.809623] e820: reserve RAM buffer [mem 0x79d66000-0x7bffffff]
[    0.809627] e820: reserve RAM buffer [mem 0x7a000000-0x7bffffff]
[    0.809642] clocksource: Switched to clocksource tsc-early
[    0.853780] pnp: PnP ACPI init
[    0.854351] system 00:01: [io  0x0680-0x069f] has been reserved
[    0.854361] system 00:01: [io  0x0400-0x047f] has been reserved
[    0.854367] system 00:01: [io  0x0500-0x05fe] has been reserved
[    0.854372] system 00:01: [io  0x0600-0x061f] has been reserved
[    1.060342] system 00:03: [mem 0xe0000000-0xefffffff] has been reserved
[    1.060353] system 00:03: [mem 0xfed01000-0xfed01fff] has been reserved
[    1.060359] system 00:03: [mem 0xfed03000-0xfed03fff] has been reserved
[    1.060365] system 00:03: [mem 0xfed04000-0xfed04fff] has been reserved
[    1.060371] system 00:03: [mem 0xfed08000-0xfed08fff] has been reserved
[    1.060376] system 00:03: [mem 0xfed1c000-0xfed1cfff] has been reserved
[    1.060383] system 00:03: [mem 0xfee00000-0xfeefffff] could not be reserved
[    1.060389] system 00:03: [mem 0xfef00000-0xfeffffff] has been reserved
[    1.062012] pnp: PnP ACPI: found 6 devices
[    1.073321] clocksource: acpi_pm: mask: 0xffffff max_cycles: 0xffffff, max_idle_ns: 2085701024 ns
[    1.073548] NET: Registered PF_INET protocol family
[    1.073750] IP idents hash table entries: 65536 (order: 7, 524288 bytes, linear)
[    1.075277] tcp_listen_portaddr_hash hash table entries: 2048 (order: 4, 98304 bytes, linear)
[    1.075315] Table-perturb hash table entries: 65536 (order: 6, 262144 bytes, linear)
[    1.075324] TCP established hash table entries: 32768 (order: 6, 262144 bytes, linear)
[    1.075514] TCP bind hash table entries: 32768 (order: 8, 1310720 bytes, linear)
[    1.075907] TCP: Hash tables configured (established 32768 bind 32768)
[    1.076033] UDP hash table entries: 2048 (order: 5, 196608 bytes, linear)
[    1.076117] UDP-Lite hash table entries: 2048 (order: 5, 196608 bytes, linear)
[    1.076316] NET: Registered PF_UNIX/PF_LOCAL protocol family
[    1.076768] RPC: Registered named UNIX socket transport module.
[    1.076772] RPC: Registered udp transport module.
[    1.076774] RPC: Registered tcp transport module.
[    1.076775] RPC: Registered tcp NFSv4.1 backchannel transport module.
[    1.076790] pci 0000:00:1c.0: bridge window [io  0x1000-0x0fff] to [bus 01] add_size 1000
[    1.076800] pci 0000:00:1c.0: bridge window [mem 0x00100000-0x000fffff 64bit pref] to [bus 01] add_size 200000 add_align 100000
[    1.076809] pci 0000:00:1c.1: bridge window [io  0x1000-0x0fff] to [bus 02] add_size 1000
[    1.076815] pci 0000:00:1c.1: bridge window [mem 0x00100000-0x000fffff 64bit pref] to [bus 02] add_size 200000 add_align 100000
[    1.076821] pci 0000:00:1c.1: bridge window [mem 0x00100000-0x000fffff] to [bus 02] add_size 200000 add_align 100000
[    1.076828] pci 0000:00:1c.2: bridge window [io  0x1000-0x0fff] to [bus 03] add_size 1000
[    1.076833] pci 0000:00:1c.2: bridge window [mem 0x00100000-0x000fffff 64bit pref] to [bus 03] add_size 200000 add_align 100000
[    1.076839] pci 0000:00:1c.2: bridge window [mem 0x00100000-0x000fffff] to [bus 03] add_size 200000 add_align 100000
[    1.076847] pci 0000:00:1c.3: bridge window [mem 0x00100000-0x000fffff 64bit pref] to [bus 04] add_size 200000 add_align 100000
[    1.076889] pci 0000:00:1c.0: BAR 15: assigned [mem 0x90900000-0x90afffff 64bit pref]
[    1.076900] pci 0000:00:1c.1: BAR 14: assigned [mem 0x90b00000-0x90cfffff]
[    1.076916] pci 0000:00:1c.1: BAR 15: assigned [mem 0x90d00000-0x90efffff 64bit pref]
[    1.076925] pci 0000:00:1c.2: BAR 14: assigned [mem 0x90f00000-0x910fffff]
[    1.076941] pci 0000:00:1c.2: BAR 15: assigned [mem 0x91100000-0x912fffff 64bit pref]
[    1.076957] pci 0000:00:1c.3: BAR 15: assigned [mem 0x91300000-0x914fffff 64bit pref]
[    1.076965] pci 0000:00:1c.0: BAR 13: assigned [io  0x1000-0x1fff]
[    1.076973] pci 0000:00:1c.1: BAR 13: assigned [io  0x2000-0x2fff]
[    1.076980] pci 0000:00:1c.2: BAR 13: assigned [io  0x3000-0x3fff]
[    1.076993] pci 0000:00:1c.0: PCI bridge to [bus 01]
[    1.076999] pci 0000:00:1c.0:   bridge window [io  0x1000-0x1fff]
[    1.077006] pci 0000:00:1c.0:   bridge window [mem 0x90700000-0x907fffff]
[    1.077011] pci 0000:00:1c.0:   bridge window [mem 0x90900000-0x90afffff 64bit pref]
[    1.077018] pci 0000:00:1c.1: PCI bridge to [bus 02]
[    1.077022] pci 0000:00:1c.1:   bridge window [io  0x2000-0x2fff]
[    1.077028] pci 0000:00:1c.1:   bridge window [mem 0x90b00000-0x90cfffff]
[    1.077033] pci 0000:00:1c.1:   bridge window [mem 0x90d00000-0x90efffff 64bit pref]
[    1.077040] pci 0000:00:1c.2: PCI bridge to [bus 03]
[    1.077044] pci 0000:00:1c.2:   bridge window [io  0x3000-0x3fff]
[    1.077050] pci 0000:00:1c.2:   bridge window [mem 0x90f00000-0x910fffff]
[    1.077055] pci 0000:00:1c.2:   bridge window [mem 0x91100000-0x912fffff 64bit pref]
[    1.077062] pci 0000:00:1c.3: PCI bridge to [bus 04]
[    1.077066] pci 0000:00:1c.3:   bridge window [io  0xd000-0xdfff]
[    1.077071] pci 0000:00:1c.3:   bridge window [mem 0x90600000-0x906fffff]
[    1.077077] pci 0000:00:1c.3:   bridge window [mem 0x91300000-0x914fffff 64bit pref]
[    1.077084] pci_bus 0000:00: resource 4 [io  0x0070-0x0077]
[    1.077088] pci_bus 0000:00: resource 5 [io  0x0000-0x006f window]
[    1.077092] pci_bus 0000:00: resource 6 [io  0x0078-0x0cf7 window]
[    1.077096] pci_bus 0000:00: resource 7 [io  0x0d00-0xffff window]
[    1.077100] pci_bus 0000:00: resource 8 [mem 0x000a0000-0x000bffff window]
[    1.077104] pci_bus 0000:00: resource 9 [mem 0x000c0000-0x000dffff window]
[    1.077108] pci_bus 0000:00: resource 10 [mem 0x000e0000-0x000fffff window]
[    1.077112] pci_bus 0000:00: resource 11 [mem 0x80000000-0xffffffff window]
[    1.077117] pci_bus 0000:01: resource 0 [io  0x1000-0x1fff]
[    1.077121] pci_bus 0000:01: resource 1 [mem 0x90700000-0x907fffff]
[    1.077124] pci_bus 0000:01: resource 2 [mem 0x90900000-0x90afffff 64bit pref]
[    1.077129] pci_bus 0000:02: resource 0 [io  0x2000-0x2fff]
[    1.077132] pci_bus 0000:02: resource 1 [mem 0x90b00000-0x90cfffff]
[    1.077136] pci_bus 0000:02: resource 2 [mem 0x90d00000-0x90efffff 64bit pref]
[    1.077141] pci_bus 0000:03: resource 0 [io  0x3000-0x3fff]
[    1.077144] pci_bus 0000:03: resource 1 [mem 0x90f00000-0x910fffff]
[    1.077148] pci_bus 0000:03: resource 2 [mem 0x91100000-0x912fffff 64bit pref]
[    1.077152] pci_bus 0000:04: resource 0 [io  0xd000-0xdfff]
[    1.077156] pci_bus 0000:04: resource 1 [mem 0x90600000-0x906fffff]
[    1.077159] pci_bus 0000:04: resource 2 [mem 0x91300000-0x914fffff 64bit pref]
[    1.078148] PCI: CLS 64 bytes, default 64
[    1.078171] PCI-DMA: Using software bounce buffering for IO (SWIOTLB)
[    1.078173] software IO TLB: mapped [mem 0x00000000723ca000-0x00000000763ca000] (64MB)
[    1.078966] clocksource: tsc: mask: 0xffffffffffffffff max_cycles: 0x3741594d34d, max_idle_ns: 881590420564 ns
[    1.079017] clocksource: Switched to clocksource tsc
[    1.153791] Initialise system trusted keyrings
[    1.153958] workingset: timestamp_bits=46 max_order=20 bucket_order=0
[    1.162694] NFS: Registering the id_resolver key type
[    1.162711] Key type id_resolver registered
[    1.162714] Key type id_legacy registered
[    1.180391] NET: Registered PF_ALG protocol family
[    1.180399] xor: measuring software checksum speed
[    1.181774]    prefetch64-sse  :  7417 MB/sec
[    1.183289]    generic_sse     :  6607 MB/sec
[    1.183293] xor: using function: prefetch64-sse (7417 MB/sec)
[    1.183299] Key type asymmetric registered
[    1.183302] Asymmetric key parser 'x509' registered
[    1.183351] Block layer SCSI generic (bsg) driver version 0.4 loaded (major 248)
[    1.183355] io scheduler mq-deadline registered
[    1.183357] io scheduler kyber registered
[    1.186952] ACPI: AC: AC Adapter [ADP1] (on-line)
[    1.187154] input: Lid Switch as /devices/LNXSYSTM:00/LNXSYBUS:00/PNP0A08:00/PNP0C0D:00/input/input0
[    1.187235] ACPI: button: Lid Switch [LID]
[    1.187364] input: Sleep Button as /devices/LNXSYSTM:00/LNXSYBUS:00/PNP0A08:00/PNP0C0E:00/input/input1
[    1.187473] ACPI: button: Sleep Button [SLPB]
[    1.187611] input: Power Button as /devices/LNXSYSTM:00/LNXSYBUS:00/PNP0C0C:00/input/input2
[    1.188609] ACPI: button: Power Button [PWRB]
[    1.188941] input: Power Button as /devices/LNXSYSTM:00/LNXPWRBN:00/input/input3
[    1.190653] ACPI: button: Power Button [PWRF]
[    1.207406] thermal LNXTHERM:00: registered as thermal_zone0
[    1.207412] ACPI: thermal: Thermal Zone [TZ01] (27 C)
[    1.207643] ioatdma: Intel(R) QuickData Technology Driver 5.00
[    1.207968] Serial: 8250/16550 driver, 4 ports, IRQ sharing disabled
[    1.208181] 00:05: ttyS0 at I/O 0x3f8 (irq = 4, base_baud = 115200) is a 16550A
[    1.209943] hpet: number irqs doesn't agree with number of timers
[    1.210290] Linux agpgart interface v0.103
[    1.214278] tpm_tis 00:04: 1.2 TPM (device-id 0x1A, rev-id 16)
[    1.243817] ACPI: bus type drm_connector registered
[    1.252898] brd: module loaded
[    1.258997] loop: module loaded
[    1.260007] ahci 0000:00:13.0: version 3.0
[    1.260367] ahci 0000:00:13.0: controller can't do DEVSLP, turning off
[    1.260506] ahci 0000:00:13.0: AHCI 0001.0300 32 slots 2 ports 3 Gbps 0x0 impl SATA mode
[    1.260514] ahci 0000:00:13.0: flags: 64bit ncq pm led clo pio slum part deso 
[    1.261749] scsi host0: ahci
[    1.262339] scsi host1: ahci
[    1.262666] ata1: DUMMY
[    1.262670] ata2: DUMMY
[    1.262897] e100: Intel(R) PRO/100 Network Driver
[    1.262900] e100: Copyright(c) 1999-2006 Intel Corporation
[    1.262942] e1000: Intel(R) PRO/1000 Network Driver
[    1.262945] e1000: Copyright (c) 1999-2006 Intel Corporation.
[    1.262989] e1000e: Intel(R) PRO/1000 Network Driver
[    1.262990] e1000e: Copyright(c) 1999 - 2015 Intel Corporation.
[    1.263040] igb: Intel(R) Gigabit Ethernet Network Driver
[    1.263043] igb: Copyright (c) 2007-2014 Intel Corporation.
[    1.292796] pps pps0: new PPS source ptp0
[    1.293090] igb 0000:04:00.0: added PHC on eth0
[    1.293095] igb 0000:04:00.0: Intel(R) Gigabit Ethernet Network Connection
[    1.293098] igb 0000:04:00.0: eth0: (PCIe:2.5Gb/s:Width x1) 00:13:95:1c:f8:03
[    1.293141] igb 0000:04:00.0: eth0: PBA No: 000300-000
[    1.293144] igb 0000:04:00.0: Using MSI-X interrupts. 4 rx queue(s), 4 tx queue(s)
[    1.293412] ehci_hcd: USB 2.0 'Enhanced' Host Controller (EHCI) Driver
[    1.293421] ehci-pci: EHCI PCI platform driver
[    1.293477] ohci_hcd: USB 1.1 'Open' Host Controller (OHCI) Driver
[    1.293495] ohci-pci: OHCI PCI platform driver
[    1.293528] uhci_hcd: USB Universal Host Controller Interface driver
[    1.293987] xhci_hcd 0000:00:14.0: xHCI Host Controller
[    1.294004] xhci_hcd 0000:00:14.0: new USB bus registered, assigned bus number 1
[    1.295106] xhci_hcd 0000:00:14.0: hcc params 0x200077c1 hci version 0x100 quirks 0x0000000000009810
[    1.295843] xhci_hcd 0000:00:14.0: xHCI Host Controller
[    1.295855] xhci_hcd 0000:00:14.0: new USB bus registered, assigned bus number 2
[    1.295865] xhci_hcd 0000:00:14.0: Host supports USB 3.0 SuperSpeed
[    1.296727] hub 1-0:1.0: USB hub found
[    1.296755] hub 1-0:1.0: 6 ports detected
[    1.299070] hub 2-0:1.0: USB hub found
[    1.299095] hub 2-0:1.0: 1 port detected
[    1.299657] usbcore: registered new interface driver usb-storage
[    1.299720] usbcore: registered new interface driver usbserial_generic
[    1.299737] usbserial: USB Serial support registered for generic
[    1.299761] usbcore: registered new interface driver ftdi_sio
[    1.299778] usbserial: USB Serial support registered for FTDI USB Serial Device
[    1.299823] usbcore: registered new interface driver pl2303
[    1.299839] usbserial: USB Serial support registered for pl2303
[    1.299938] i8042: PNP: No PS/2 controller found.
[    1.300126] mousedev: PS/2 mouse device common for all mice
[    1.300786] rtc_cmos 00:00: RTC can wake from S4
[    1.301368] rtc_cmos 00:00: registered as rtc0
[    1.301401] rtc_cmos 00:00: setting system clock to 2023-04-29T10:02:50 UTC (1682762570)
[    1.301551] rtc_cmos 00:00: alarms up to one month, y3k, 242 bytes nvram
[    1.301603] i2c_dev: i2c /dev entries driver
[    1.302160] i801_smbus 0000:00:1f.3: SMBus using PCI interrupt
[    1.304985] i2c i2c-0: 2/2 memory slots populated (from DMI)
[    1.305923] device-mapper: ioctl: 4.45.0-ioctl (2021-03-22) initialised: dm-devel@redhat.com
[    1.306062] intel_pstate: Intel P-state driver initializing
[    1.306715] sdhci: Secure Digital Host Controller Interface driver
[    1.306717] sdhci: Copyright(c) Pierre Ossman
[    1.306755] sdhci-pci 0000:00:12.0: SDHCI controller found [8086:0f16] (rev 11)
[    1.307230] sdhci-pci 0000:00:12.0: failed to setup card detect gpio
[    1.307960] mmc0: SDHCI controller on PCI [0000:00:12.0] using ADMA
[    1.308054] sdhci-pci 0000:00:17.0: SDHCI controller found [8086:0f50] (rev 11)
[    1.308988] mmc1: SDHCI controller on PCI [0000:00:17.0] using ADMA
[    1.309165] sdhci-pltfm: SDHCI platform and OF driver helper
[    1.309329] efifb: probing for efifb
[    1.309354] efifb: framebuffer at 0x80000000, using 1876k, total 1875k
[    1.309358] efifb: mode is 800x600x32, linelength=3200, pages=1
[    1.309361] efifb: scrolling: redraw
[    1.309362] efifb: Truecolor: size=8:8:8:8, shift=24:16:8:0
[    1.312955] Console: switching to colour frame buffer device 100x37
[    1.316207] fb0: EFI VGA frame buffer device
[    1.316383] usbcore: registered new interface driver usbhid
[    1.316387] usbhid: USB HID core driver
[    1.316669] u32 classifier
[    1.316671]     input device check on
[    1.316672]     Actions configured
[    1.317114] NET: Registered PF_INET6 protocol family
[    1.317967] Segment Routing with IPv6
[    1.317986] In-situ OAM (IOAM) with IPv6
[    1.318028] sit: IPv6, IPv4 and MPLS over IPv4 tunneling driver
[    1.318414] NET: Registered PF_PACKET protocol family
[    1.318740] NET: Registered PF_IEEE802154 protocol family
[    1.318758] Key type dns_resolver registered
[    1.318992] NET: Registered PF_VSOCK protocol family
[    1.320004] microcode: sig=0x30679, pf=0x1, revision=0x903
[    1.320143] microcode: Microcode Update Driver: v2.2.
[    1.320177] IPI shorthand broadcast: enabled
[    1.320228] SSE version of gcm_enc/dec engaged.
[    1.321966] sched_clock: Marking stable (1321046999, 886824)->(1357372767, -35438944)
[    1.322562] printk: console [ttyS0]: printing thread started
[    1.322613] Loading compiled-in X.509 certificates
[    1.357627] Key type ._fscrypt registered
[    1.357631] Key type .fscrypt registered
[    1.357633] Key type fscrypt-provisioning registered
[    1.358502] Btrfs loaded, crc32c=crc32c-generic, zoned=no, fsverity=no
[    1.359188] Key type encrypted registered
[    1.361044] printk: console [netcon0]: printing thread started
[    1.361062] printk: console [netcon0] enabled
[    1.361065] netconsole: network logging started
[    1.361353] ALSA device list:
[    1.361357]   No soundcards found.
[    1.380240] md: Waiting for all devices to be available before autodetect
[    1.380243] md: If you don't use raid, use raid=noautodetect
[    1.380245] md: Autodetecting RAID arrays.
[    1.380247] md: autorun ...
[    1.380249] md: ... autorun DONE.
[    1.380321] Waiting for root device PARTUUID=42424242-1120-1120-1120-424242424242...
[    1.415424] mmc1: new high speed MMC card at address 0001
[    1.415955] mmcblk1: mmc1:0001 BGND3R 29.1 GiB 
[    1.419738]  mmcblk1: p1 p2 p3 p4
[    1.420623] mmcblk1boot0: mmc1:0001 BGND3R 4.00 MiB 
[    1.421869] mmcblk1boot1: mmc1:0001 BGND3R 4.00 MiB 
[    1.422971] mmcblk1rpmb: mmc1:0001 BGND3R 4.00 MiB, chardev (245:0)
[    1.428835] EXT4-fs (mmcblk1p3): mounting ext3 file system using the ext4 subsystem
[    1.435585] EXT4-fs (mmcblk1p3): mounted filesystem with ordered data mode. Opts: (null). Quota mode: disabled.
[    1.435631] VFS: Mounted root (ext3 filesystem) readonly on device 179:3.
[    1.435955] devtmpfs: mounted
[    1.457597] Freeing unused kernel image (initmem) memory: 1884K
[    1.457722] Write protecting the kernel read-only data: 24576k
[    1.459509] Freeing unused kernel image (text/rodata gap) memory: 2036K
[    1.460463] Freeing unused kernel image (rodata/data gap) memory: 1348K
[    1.460590] Run /sbin/init as init process
[    1.460593]   with arguments:
[    1.460594]     /sbin/init
[    1.460596]   with environment:
[    1.460597]     HOME=/
[    1.460598]     TERM=linux
[    1.533476] usb 1-2: new high-speed USB device number 2 using xhci_hcd
[    1.660362] hub 1-2:1.0: USB hub found
[    1.660406] hub 1-2:1.0: 3 ports detected
[    1.775478] usb 1-3: new full-speed USB device number 3 using xhci_hcd
[    1.801509] systemd[1]: systemd 251.4+ running in system mode (+PAM -AUDIT -SELINUX -APPARMOR +IMA -SMACK +SECCOMP -GCRYPT -GNUTLS -OPENSSL +ACL +BLKID -CURL -ELFUTILS -FIDO2 -IDN2 -IDN -IPTC +KMOD -LIBCRYPTSETUP +LIBFDISK -PCRE2 -PWQUALITY -P11KIT -QRENCODE -TPM2 -BZIP2 -LZ4 -XZ -ZLIB +ZSTD -BPF_FRAMEWORK -XKBCOMMON +UTMP +SYSVINIT default-hierarchy=hybrid)
[    1.801529] systemd[1]: Detected architecture x86-64.
[    1.977470] usb 1-2.1: new full-speed USB device number 4 using xhci_hcd
[    1.983629] systemd[1]: Hostname set to <dntnao21>.
[    2.056459] systemd-sysv-generator[176]: SysV service '/etc/init.d/sshd' lacks a native systemd unit file. Automatically generating a unit file for compatibility. Please update package to include a native systemd unit file, in order to make it more safe and robust.
[    2.067289] usb 1-2.1: string descriptor 0 read error: -22
[    2.150457] usb 1-2.3: new full-speed USB device number 5 using xhci_hcd
[    2.304088] systemd[1]: Queued start job for default target Multi-User System.
[    2.341422] systemd[1]: Created slice Slice /system/getty.
[    4.781488] systemd[1]: Created slice Slice /system/modprobe.
[    4.797954] systemd[1]: Created slice Slice /system/serial-getty.
[    4.814619] systemd[1]: Created slice Slice /system/systemd-networkd-wait-online.
[    4.834810] systemd[1]: Created slice User and Session Slice.
[    4.848790] systemd[1]: Started Dispatch Password Requests to Console Directory Watch.
[    4.867318] systemd[1]: Started Forward Password Requests to Wall Directory Watch.
[    4.885879] systemd[1]: Reached target Path Units.
[    4.897736] systemd[1]: Reached target Remote File Systems.
[    4.911710] systemd[1]: Reached target Slice Units.
[    4.923730] systemd[1]: Reached target Swaps.
[    4.954417] systemd[1]: Listening on Syslog Socket.
[    4.965928] systemd[1]: Listening on initctl Compatibility Named Pipe.
[    5.011224] systemd[1]: Journal Audit Socket was skipped because of a failed condition check (ConditionSecurity=audit).
[    5.011818] systemd[1]: Listening on Journal Socket (/dev/log).
[    5.037183] systemd[1]: Listening on Journal Socket.
[    5.049210] systemd[1]: Listening on Network Service Netlink Socket.
[    5.064210] systemd[1]: Listening on udev Control Socket.
[    5.078008] systemd[1]: Listening on udev Kernel Socket.
[    5.092060] systemd[1]: Listening on User Database Manager Socket.
[    5.110660] systemd[1]: Mounting Huge Pages File System...
[    5.126344] systemd[1]: Mounting POSIX Message Queue File System...
[    5.145231] systemd[1]: Mounting Kernel Debug File System...
[    5.161375] systemd[1]: Mounting Kernel Trace File System...
[    5.177763] systemd[1]: Mounting Temporary Directory /tmp...
[    5.194228] systemd[1]: Starting Create List of Static Device Nodes...
[    5.211915] systemd[1]: Starting Load Kernel Module configfs...
[    5.228445] systemd[1]: Starting Load Kernel Module drm...
[    5.245390] systemd[1]: Starting Load Kernel Module fuse...
[    5.257157] fuse: init (API version 7.34)
[    5.261573] systemd[1]: Starting File System Check on Root Device...
[    5.278149] systemd[1]: systemd-journald.service: unit configures an IP firewall, but the local system does not support BPF/cgroup firewalling.
[    5.278168] systemd[1]: (This warning is only shown for the first unit using IP firewalling.)
[    5.282882] systemd[1]: Starting Journal Service...
[    5.308934] systemd[1]: Starting Load Kernel Modules...
[    5.318070] systemd[1]: Starting Generate network units from Kernel command line...
[    5.324072] systemd[1]: Starting Coldplug All udev Devices...
[    5.345623] systemd[1]: Mounted Huge Pages File System.
[    5.346076] systemd[1]: Mounted POSIX Message Queue File System.
[    5.346418] systemd[1]: Mounted Kernel Debug File System.
[    5.346918] systemd[1]: Mounted Kernel Trace File System.
[    5.397311] systemd[1]: Mounted Temporary Directory /tmp.
[    5.411841] systemd[1]: Finished Create List of Static Device Nodes.
[    5.429013] systemd[1]: modprobe@configfs.service: Deactivated successfully.
[    5.430960] systemd[1]: Finished Load Kernel Module configfs.
[    5.450564] systemd[1]: modprobe@drm.service: Deactivated successfully.
[    5.451612] systemd[1]: Finished Load Kernel Module drm.
[    5.471912] systemd[1]: modprobe@fuse.service: Deactivated successfully.
[    5.473025] systemd[1]: Finished Load Kernel Module fuse.
[    5.494129] systemd[1]: Finished File System Check on Root Device.
[    5.508666] Console: switching to colour dummy device 80x25
[    5.508815] i915 0000:00:02.0: vgaarb: deactivate vga console
[    5.509028] systemd[1]: Started Journal Service.
[    5.547349] [drm] Initialized i915 1.6.0 20201103 for 0000:00:02.0 on minor 0
[    5.550769] ACPI: video: Video Device [GFX0] (multi-head: yes  rom: no  post: no)
[    5.568897] acpi device:09: registered as cooling_device6
[    5.569316] input: Video Bus as /devices/LNXSYSTM:00/LNXSYBUS:00/PNP0A08:00/LNXVIDEO:00/input/input4
[    5.583131] fbcon: i915drmfb (fb0) is primary device
[    5.593324] Console: switching to colour frame buffer device 100x37
[    5.612618] i915 0000:00:02.0: [drm] fb0: i915drmfb frame buffer device
[    5.675376] EXT4-fs (mmcblk1p3): re-mounted. Opts: (null). Quota mode: disabled.
[    5.696171] cfg80211: Loading compiled-in X.509 certificates for regulatory database
[    5.706753] cfg80211: Loaded X.509 cert 'sforshee: 00b28ddf47aef9cea7'
[    5.712162] systemd-journald[191]: Received client request to flush runtime journal.
[    5.731560] Intel(R) Wireless WiFi driver for Linux
[    6.199252] igb 0000:04:00.0 enp4s0: renamed from eth0
[    6.388156] snd_hda_intel 0000:00:1b.0: bound 0000:00:02.0 (ops i915_audio_component_bind_ops [i915])
[    6.507607] ath9k 0000:01:00.0: enabling device (0000 -> 0002)
[    6.517467] ath: EEPROM regdomain: 0x60
[    6.517475] ath: EEPROM indicates we should expect a direct regpair map
[    6.517479] ath: Country alpha2 being used: 00
[    6.517480] ath: Regpair used: 0x60
[    6.519648] ieee80211 phy0: Selected rate control algorithm 'minstrel_ht'
[    6.522932] ieee80211 phy0: Atheros AR9462 Rev:2 mem=0xffffa4df80b80000, irq=16
[    6.536016] intel_rapl_common: Found RAPL domain package
[    6.536024] intel_rapl_common: Found RAPL domain core
[    6.579256] input: HDA Intel PCH HDMI/DP,pcm=3 as /devices/pci0000:00/0000:00:1b.0/sound/card0/input5
[    6.579524] input: HDA Intel PCH HDMI/DP,pcm=7 as /devices/pci0000:00/0000:00:1b.0/sound/card0/input6
[    6.579736] input: HDA Intel PCH HDMI/DP,pcm=8 as /devices/pci0000:00/0000:00:1b.0/sound/card0/input7
[    6.592534] EXT4-fs (mmcblk1p4): mounting ext2 file system using the ext4 subsystem
[    6.605392] EXT4-fs (mmcblk1p4): warning: mounting unchecked fs, running e2fsck is recommended
[    6.613151] EXT4-fs (mmcblk1p4): mounted filesystem without journal. Opts: (null). Quota mode: disabled.
[    6.652547] EXT4-fs (mmcblk1p1): mounting ext3 file system using the ext4 subsystem
[    6.669199] usbcore: registered new interface driver btusb
[    6.674969] EXT4-fs (mmcblk1p1): mounted filesystem with ordered data mode. Opts: data=ordered. Quota mode: disabled.
[    6.674999] ext3 filesystem being mounted at /media/internal supports timestamps until 2038 (0x7fffffff)
[    6.867473] sbre-dfuse 1-2.3:1.0: STM32 Dfuse device connected. fwInfo: "USB-I2C v1.03 SB Robotics Europe 2017 @fc6fd1d                 
[    6.867593] usbcore: registered new interface driver sbre-dfuse
[    7.184005] usb 1-2.3: USB disconnect, device number 5
[    7.184077] sbre-dfuse 1-2.3:1.0: STM32 Dfuse device disconnected.
[    7.370488] usb 1-2.3: new full-speed USB device number 6 using xhci_hcd
[    7.487955] sbre-usb-i2c 1-2.3:1.0: SBRE USB-I2C on port 1.6: 'USB-I2C v1.03 SB Robotics Europe 2017 @fc6fd1d                 '
[    7.488214] i2c i2c-9: Connected with SBRE-USB-I2C on port 1.6
[    7.488296] usbcore: registered new interface driver sbre-usb-i2c
[    7.990490] usb 1-1: new high-speed USB device number 7 using xhci_hcd
[    8.194498] usb 1-2.2: new high-speed USB device number 8 using xhci_hcd
[    8.403002] usb 1-1: USB disconnect, device number 7
[    8.463913] usb 1-2.2: USB disconnect, device number 8
[    8.805525] usb 2-1: new SuperSpeed USB device number 2 using xhci_hcd
[    8.818305] usb 2-1: LPM exit latency is zeroed, disabling LPM.
[    8.837888] mc: Linux media interface: v0.10
[    8.861559] videodev: Linux video capture interface: v2.00
[    8.880869] usb 2-1: Found UVC 1.00 device LI-OV5640(FW rev:022) (2a0b:01ff)
[    8.903515] usb 1-2.2: new high-speed USB device number 9 using xhci_hcd
[    8.953378] wlan0: authenticate with d2:21:f9:91:83:c2
[    8.967585] wlan0: send auth to d2:21:f9:91:83:c2 (try 1/3)
[    8.974576] input: LI-OV5640(FW rev:022) as /devices/pci0000:00/0000:00:14.0/usb2/2-1/2-1:1.0/input/input8
[    8.975002] usbcore: registered new interface driver uvcvideo
[    8.999596] wlan0: authenticated
[    9.000547] wlan0: associate with d2:21:f9:91:83:c2 (try 1/3)
[    9.000741] usb 1-2.2: Found UVC 1.00 device LI-OV5640(FW rev:010) (2a0b:01ff)
[    9.012148] wlan0: RX AssocResp from d2:21:f9:91:83:c2 (capab=0x1111 status=0 aid=23)
[    9.012292] wlan0: associated
[    9.089867] input: LI-OV5640(FW rev:010) as /devices/pci0000:00/0000:00:14.0/usb1/1-2/1-2.2/1-2.2:1.0/input/input9
[    9.142347] IPv6: ADDRCONF(NETDEV_CHANGE): wlan0: link becomes ready
[   14.491502] usb 2-1: USB disconnect, device number 2
[   14.764460] usb 1-1: new high-speed USB device number 10 using xhci_hcd
[   15.074754] usb 1-1: USB disconnect, device number 10
[   15.510507] usb 2-1: new SuperSpeed USB device number 3 using xhci_hcd
[   15.523274] usb 2-1: LPM exit latency is zeroed, disabling LPM.
[   15.525529] usb 2-1: Found UVC 1.00 device LI-OV5640(FW rev:022) (2a0b:01ff)
[   15.619841] input: LI-OV5640(FW rev:022) as /devices/pci0000:00/0000:00:14.0/usb2/2-1/2-1:1.0/input/input10
[   16.399900] usb 1-2.2: USB disconnect, device number 9
[   16.651462] usb 1-2.2: new high-speed USB device number 11 using xhci_hcd
[   17.167903] usb 1-2.2: USB disconnect, device number 11
[   17.353477] usb 1-2.2: new high-speed USB device number 12 using xhci_hcd
[   17.444445] usb 1-2.2: Found UVC 1.00 device LI-OV5640(FW rev:010) (2a0b:01ff)
[   17.532777] input: LI-OV5640(FW rev:010) as /devices/pci0000:00/0000:00:14.0/usb1/1-2/1-2.2/1-2.2:1.0/input/input11
[   38.415902] usb 1-2.2: USB disconnect, device number 12
[   38.651844] usb 1-2.2: new high-speed USB device number 13 using xhci_hcd
[   39.183900] usb 1-2.2: USB disconnect, device number 13
[   39.426466] usb 1-2.2: new high-speed USB device number 14 using xhci_hcd
[   39.518582] usb 1-2.2: Found UVC 1.00 device LI-OV5640(FW rev:010) (2a0b:01ff)
[   39.607996] input: LI-OV5640(FW rev:010) as /devices/pci0000:00/0000:00:14.0/usb1/1-2/1-2.2/1-2.2:1.0/input/input12
[   53.779677] usb 2-1: USB disconnect, device number 3
[   54.023472] usb 1-1: new high-speed USB device number 15 using xhci_hcd
[   54.340859] usb 1-1: USB disconnect, device number 15
[   54.805519] usb 2-1: new SuperSpeed USB device number 4 using xhci_hcd
[   54.818309] usb 2-1: LPM exit latency is zeroed, disabling LPM.
[   54.821095] usb 2-1: Found UVC 1.00 device LI-OV5640(FW rev:022) (2a0b:01ff)
[   54.911937] input: LI-OV5640(FW rev:022) as /devices/pci0000:00/0000:00:14.0/usb2/2-1/2-1:1.0/input/input13
[   67.343894] usb 1-2.2: USB disconnect, device number 14
[   67.557470] usb 1-2.2: new high-speed USB device number 16 using xhci_hcd
[   68.111893] usb 1-2.2: USB disconnect, device number 16
[   68.299472] usb 1-2.2: new high-speed USB device number 17 using xhci_hcd
[   68.390932] usb 1-2.2: Found UVC 1.00 device LI-OV5640(FW rev:010) (2a0b:01ff)
[   68.478551] input: LI-OV5640(FW rev:010) as /devices/pci0000:00/0000:00:14.0/usb1/1-2/1-2.2/1-2.2:1.0/input/input14
[   71.771652] usb 2-1: USB disconnect, device number 4
[   72.012468] usb 1-1: new high-speed USB device number 18 using xhci_hcd
[   72.282564] usb 1-1: USB disconnect, device number 18
[   72.709520] usb 2-1: new SuperSpeed USB device number 5 using xhci_hcd
[   72.722296] usb 2-1: LPM exit latency is zeroed, disabling LPM.
[   72.725428] usb 2-1: Found UVC 1.00 device LI-OV5640(FW rev:022) (2a0b:01ff)
[   72.819943] input: LI-OV5640(FW rev:022) as /devices/pci0000:00/0000:00:14.0/usb2/2-1/2-1:1.0/input/input15
[   85.775894] usb 1-2.2: USB disconnect, device number 17
[   86.005485] usb 1-2.2: new high-speed USB device number 19 using xhci_hcd
[   86.288906] usb 1-2.2: USB disconnect, device number 19
[   86.728472] usb 1-2.2: new high-speed USB device number 20 using xhci_hcd
[   86.823582] usb 1-2.2: Found UVC 1.00 device LI-OV5640(FW rev:010) (2a0b:01ff)
[   86.911156] input: LI-OV5640(FW rev:010) as /devices/pci0000:00/0000:00:14.0/usb1/1-2/1-2.2/1-2.2:1.0/input/input16
[   94.991905] usb 1-2.2: USB disconnect, device number 20
[   95.224631] usb 1-2.2: new high-speed USB device number 21 using xhci_hcd
[   95.503894] usb 1-2.2: USB disconnect, device number 21
[   95.943468] usb 1-2.2: new high-speed USB device number 22 using xhci_hcd
[   96.036905] usb 1-2.2: Found UVC 1.00 device LI-OV5640(FW rev:010) (2a0b:01ff)
[   96.124998] input: LI-OV5640(FW rev:010) as /devices/pci0000:00/0000:00:14.0/usb1/1-2/1-2.2/1-2.2:1.0/input/input17
[  198.187520] usb 2-1: USB disconnect, device number 5
[  198.455529] usb 1-1: new high-speed USB device number 23 using xhci_hcd
[  198.657468] wlan0: deauthenticating from d2:21:f9:91:83:c2 by local choice (Reason: 3=DEAUTH_LEAVING)
[  198.737592] usb 1-1: USB disconnect, device number 23
[  198.869583] wlan0: authenticate with 9c:3d:cf:68:fe:24
[  198.883640] wlan0: send auth to 9c:3d:cf:68:fe:24 (try 1/3)
[  199.023677] wlan0: authenticated
[  199.024626] wlan0: associate with 9c:3d:cf:68:fe:24 (try 1/3)
[  199.058625] wlan0: RX AssocResp from 9c:3d:cf:68:fe:24 (capab=0x11 status=0 aid=1)
[  199.059005] wlan0: associated
[  199.059744] ath: EEPROM regdomain: 0x8114
[  199.059748] ath: EEPROM indicates we should expect a country code
[  199.059750] ath: doing EEPROM country->regdmn map search
[  199.059751] ath: country maps to regdmn code: 0x37
[  199.059753] ath: Country alpha2 being used: DE
[  199.059755] ath: Regpair used: 0x37
[  199.059756] ath: regdomain 0x8114 dynamically updated by country element
[  199.205647] usb 2-1: new SuperSpeed USB device number 6 using xhci_hcd
[  199.218570] usb 2-1: LPM exit latency is zeroed, disabling LPM.
[  199.222031] usb 2-1: Found UVC 1.00 device LI-OV5640(FW rev:022) (2a0b:01ff)
[  199.313171] input: LI-OV5640(FW rev:022) as /devices/pci0000:00/0000:00:14.0/usb2/2-1/2-1:1.0/input/input18
[  200.207968] usb 1-2.2: USB disconnect, device number 22
[  200.435490] usb 1-2.2: new high-speed USB device number 24 using xhci_hcd
[  200.719985] usb 1-2.2: USB disconnect, device number 24
[  201.159595] usb 1-2.2: new high-speed USB device number 25 using xhci_hcd
[  201.250402] usb 1-2.2: Found UVC 1.00 device LI-OV5640(FW rev:010) (2a0b:01ff)
[  201.338954] input: LI-OV5640(FW rev:010) as /devices/pci0000:00/0000:00:14.0/usb1/1-2/1-2.2/1-2.2:1.0/input/input19
[  355.691538] usb 2-1: USB disconnect, device number 6
[  355.934486] usb 1-1: new high-speed USB device number 26 using xhci_hcd
[  356.213580] usb 1-1: USB disconnect, device number 26
[  356.605652] usb 2-1: new SuperSpeed USB device number 7 using xhci_hcd
[  356.619388] usb 2-1: LPM exit latency is zeroed, disabling LPM.
[  356.621940] usb 2-1: Found UVC 1.00 device LI-OV5640(FW rev:022) (2a0b:01ff)
[  356.709609] input: LI-OV5640(FW rev:022) as /devices/pci0000:00/0000:00:14.0/usb2/2-1/2-1:1.0/input/input20
[  357.392010] usb 1-2.2: USB disconnect, device number 25
[  357.617489] usb 1-2.2: new high-speed USB device number 27 using xhci_hcd
[  357.903956] usb 1-2.2: USB disconnect, device number 27
[  358.343483] usb 1-2.2: new high-speed USB device number 28 using xhci_hcd
[  358.435063] usb 1-2.2: Found UVC 1.00 device LI-OV5640(FW rev:010) (2a0b:01ff)
[  358.523435] input: LI-OV5640(FW rev:010) as /devices/pci0000:00/0000:00:14.0/usb1/1-2/1-2.2/1-2.2:1.0/input/input21
